2026-01-26 23:59:25,407 - backend.database - INFO - Database initialized successfully
2026-01-26 23:59:26,047 - __main__ - INFO - ==================================================
2026-01-26 23:59:26,047 - __main__ - INFO - Coffee Shop Bot Starting
2026-01-26 23:59:26,047 - __main__ - INFO - ==================================================
2026-01-26 23:59:26,047 - __main__ - INFO - Database loaded with 8 products
2026-01-26 23:59:26,047 - __main__ - INFO - Setting up diagnostics scheduler...
2026-01-26 23:59:26,047 - apscheduler.scheduler - INFO - Adding job tentatively -- it will be properly scheduled when the scheduler starts
2026-01-26 23:59:26,047 - apscheduler.scheduler - INFO - Adding job tentatively -- it will be properly scheduled when the scheduler starts
2026-01-26 23:59:26,057 - apscheduler.scheduler - INFO - Adding job tentatively -- it will be properly scheduled when the scheduler starts
2026-01-26 23:59:26,060 - apscheduler.scheduler - INFO - Added job "Daily Diagnostic" to job store "default"
2026-01-26 23:59:26,061 - apscheduler.scheduler - INFO - Added job "Weekly Diagnostic" to job store "default"
2026-01-26 23:59:26,062 - apscheduler.scheduler - INFO - Added job "Monthly Diagnostic" to job store "default"
2026-01-26 23:59:26,062 - apscheduler.scheduler - INFO - Scheduler started
2026-01-26 23:59:26,062 - backend.scheduler - INFO - Diagnostics scheduler started successfully
2026-01-26 23:59:26,062 - __main__ - INFO - Diagnostics scheduler started
2026-01-26 23:59:26,063 - __main__ - INFO - Starting Flask server on 0.0.0.0:8443
2026-01-26 23:59:26,064 - __main__ - INFO - Starting Telegram bot...
2026-01-26 23:59:26,064 - bot.bot - INFO - Starting Telegram Bot...
2026-01-26 23:59:26,065 - apscheduler.scheduler - INFO - Added job "Daily Diagnostic" to job store "default"
2026-01-26 23:59:26,066 - apscheduler.scheduler - INFO - Added job "Weekly Diagnostic" to job store "default"
2026-01-26 23:59:26,067 - apscheduler.scheduler - INFO - Added job "Monthly Diagnostic" to job store "default"
2026-01-26 23:59:26,067 - backend.scheduler - ERROR - Error starting scheduler: Scheduler is already running
2026-01-26 23:59:26,069 - bot.bot - ERROR - Error starting bot: Scheduler is already running
2026-01-26 23:59:26,069 - __main__ - ERROR - Error running Telegram bot: Scheduler is already running
2026-01-26 23:59:26,070 - backend.scheduler - INFO - Diagnostics scheduler shut down
2026-01-26 23:59:26,071 - backend.database - INFO - Database connection closed
2026-01-26 23:59:26,071 - bot.bot - INFO - Bot stopped gracefully
2026-01-26 23:59:26,072 - apscheduler.scheduler - INFO - Scheduler has been shut down
2026-01-26 23:59:26,072 - backend.database - INFO - Database connection closed
2026-01-26 23:59:26,079 - bot.bot - INFO - Bot stopped gracefully
