2026-01-26 23:56:34,874 - backend.database - INFO - Database initialized successfully
2026-01-26 23:56:39,179 - __main__ - INFO - ==================================================
2026-01-26 23:56:39,186 - __main__ - INFO - Coffee Shop Bot Starting
2026-01-26 23:56:39,190 - __main__ - INFO - ==================================================
2026-01-26 23:56:39,192 - __main__ - ERROR - Critical error: No item with that key
2026-01-26 23:58:31,137 - backend.database - INFO - Database initialized successfully
2026-01-26 23:58:31,738 - __main__ - INFO - ==================================================
2026-01-26 23:58:31,738 - __main__ - INFO - Coffee Shop Bot Starting
2026-01-26 23:58:31,738 - __main__ - INFO - ==================================================
2026-01-26 23:58:31,738 - __main__ - ERROR - Critical error: No item with that key
2026-01-27 00:00:58,575 - backend.database - INFO - Database initialized successfully
2026-01-27 00:00:59,186 - __main__ - INFO - ==================================================
2026-01-27 00:00:59,186 - __main__ - INFO - Coffee Shop Bot Starting
2026-01-27 00:00:59,186 - __main__ - INFO - ==================================================
2026-01-27 00:00:59,186 - __main__ - INFO - Database loaded with 8 products
2026-01-27 00:00:59,186 - __main__ - INFO - Setting up diagnostics scheduler...
2026-01-27 00:00:59,186 - apscheduler.scheduler - INFO - Adding job tentatively -- it will be properly scheduled when the scheduler starts
2026-01-27 00:00:59,196 - apscheduler.scheduler - INFO - Adding job tentatively -- it will be properly scheduled when the scheduler starts
2026-01-27 00:00:59,196 - apscheduler.scheduler - INFO - Adding job tentatively -- it will be properly scheduled when the scheduler starts
2026-01-27 00:00:59,196 - apscheduler.scheduler - INFO - Added job "Daily Diagnostic" to job store "default"
2026-01-27 00:00:59,196 - apscheduler.scheduler - INFO - Added job "Weekly Diagnostic" to job store "default"
2026-01-27 00:00:59,196 - apscheduler.scheduler - INFO - Added job "Monthly Diagnostic" to job store "default"
2026-01-27 00:00:59,196 - apscheduler.scheduler - INFO - Scheduler started
2026-01-27 00:00:59,196 - backend.scheduler - INFO - Diagnostics scheduler started successfully
2026-01-27 00:00:59,196 - __main__ - INFO - Diagnostics scheduler started
2026-01-27 00:00:59,196 - __main__ - INFO - Starting Flask server on 0.0.0.0:8443
2026-01-27 00:00:59,200 - __main__ - INFO - Starting Telegram bot...
2026-01-27 00:00:59,200 - bot.bot - INFO - Starting Telegram Bot...
2026-01-27 00:00:59,261 - werkzeug - INFO - [31m[1mWARNING: This is a development server. Do not use it in a production deployment. Use a production WSGI server instead.[0m
 * Running on all addresses (0.0.0.0)
 * Running on http://127.0.0.1:8443
 * Running on http://192.168.1.23:8443
2026-01-27 00:00:59,262 - werkzeug - INFO - [33mPress CTRL+C to quit[0m
2026-01-27 00:01:03,353 - aiogram.dispatcher - INFO - Start polling
2026-01-27 00:01:03,456 - aiogram.dispatcher - INFO - Run polling for bot @coffee_diagnostlar_bot id=8437143053 - 'coffee_diagnost'
2026-01-27 00:04:50,917 - aiogram.event - INFO - Update id=400373499 is handled. Duration 687 ms by bot id=8437143053
2026-01-27 00:05:11,864 - aiogram.event - INFO - Update id=400373500 is handled. Duration 312 ms by bot id=8437143053
2026-01-27 00:05:47,058 - aiogram.event - INFO - Update id=400373501 is handled. Duration 250 ms by bot id=8437143053
2026-01-27 00:11:33,723 - aiogram.dispatcher - INFO - Polling stopped
2026-01-27 00:11:33,791 - aiogram.dispatcher - ERROR - Failed to fetch updates - TelegramNetworkError: HTTP Client says - ServerDisconnectedError: Server disconnected
2026-01-27 00:11:33,793 - aiogram.dispatcher - WARNING - Sleep for 1.000000 seconds and try again... (tryings = 0, bot id = 8437143053)
2026-01-27 00:11:34,056 - backend.scheduler - INFO - Diagnostics scheduler shut down
2026-01-27 00:11:34,093 - backend.database - INFO - Database connection closed
2026-01-27 00:11:34,095 - bot.bot - INFO - Bot stopped gracefully
2026-01-27 00:11:34,101 - apscheduler.scheduler - INFO - Scheduler has been shut down
2026-01-27 00:11:34,104 - backend.database - INFO - Database connection closed
2026-01-27 00:11:34,105 - bot.bot - INFO - Bot stopped gracefully
2026-01-27 00:11:34,126 - aiogram.dispatcher - INFO - Polling stopped for bot @coffee_diagnostlar_bot id=8437143053 - 'coffee_diagnost'
2026-01-27 00:11:34,144 - __main__ - INFO - Bot stopped by user
